<!DOCTYPE html>
<html lang="ja" xml:lang="ja" xmlns="http://www.w3.org/1999/xhtml">

<head>
  <meta charset="utf-8" />
  <meta name="viewport" content="width=device-width, initial-scale=1" />
  <meta name="keywords" content="" />
  <meta name="description" content="This is a sample site description." />
  <title>My Site</title>
  <link rel="stylesheet" href="example.css" />
  <style></style>
</head>

<body>
  <header>
    <h1>My Site</h1>
    <nav>
      
    </nav>
  </header>
  <main>
    <ul>
  <li>2</li>
  <li>bar</li>
</ul>

<p>Content located by `id` and `slug`.</p>

  </main>
</body>

</html>
