
<!DOCTYPE html>
<html lang="ja" xml:lang="ja" xmlns="http://www.w3.org/1999/xhtml">

<head>
  <meta charset="utf-8" />
  <meta name="viewport" content="width=device-width, initial-scale=1" />
  <meta name="keywords" content="" />
  <meta name="description" content="This is a sample site description." />
  <title>My Site</title>
  <script type="importmap">{
  "imports": {
    "controllers/remote_modal_controller": "/assets/controllers/remote_modal_controller.js?v=c648968e",
    "stimulus-loading": "/assets/stimulus-loading.js?v=20bd48e9",
    "@hotwired/turbo": "https://cdn.jsdelivr.net/npm/@hotwired/turbo@8.0.13/dist/turbo.es2017-esm.min.js",
    "@hotwired/stimulus": "https://cdn.jsdelivr.net/npm/@hotwired/stimulus@3.2.2/+esm"
  }
}</script>
<link rel="modulepreload" href="/assets/controllers/remote_modal_controller.js?v=c648968e"></link>
<link rel="modulepreload" href="/assets/stimulus-loading.js?v=20bd48e9"></link>
<link rel="modulepreload" href="https://cdn.jsdelivr.net/npm/@hotwired/turbo@8.0.13/dist/turbo.es2017-esm.min.js"></link>
<link rel="modulepreload" href="https://cdn.jsdelivr.net/npm/@hotwired/stimulus@3.2.2/+esm"></link>
<script type="module" src="/assets/site.js?v=dbdfdfd7"></script>
  <link rel="stylesheet" href="/assets/site.css?v=19afbc77"></link>
</head>

<body>
  <div><details><summary>JA</summary><ul><li><a href="/posts/1/bar/" class="">EN</a></li></ul></details></div>
  <header>
    <h1>My Site</h1>
    <nav>
      
    </nav>
  </header>
      <nav>
    <div>Alice in Wonderland(1-bar)</div>
  </nav>
  <main>
    
<dl>
  <dt>id</dt>
  <dd>1</dd>
  <dt>slug</dt>
  <dd>bar</dd>
</dl>

<p>Content located by `id` and `slug`.</p>

  </main>

</body>

</html>

