<!DOCTYPE html>
<html lang="en">

<head>
  <meta charset="utf-8" />
  <meta name="viewport" content="width=device-width, initial-scale=1" />
  <meta name="keywords" content="" />
  <meta name="description" content="This is a captured description" />
  <title>My Site</title>
  <script type="importmap">{
  "imports": {
    "controllers/remote_modal_controller": "/assets/controllers/remote_modal_controller.js?v=c648968e",
    "stimulus-loading": "/assets/stimulus-loading.js?v=20bd48e9",
    "@hotwired/turbo": "https://cdn.jsdelivr.net/npm/@hotwired/turbo@8.0.13/dist/turbo.es2017-esm.min.js",
    "@hotwired/stimulus": "https://cdn.jsdelivr.net/npm/@hotwired/stimulus@3.2.2/+esm"
  }
}</script>
<link rel="modulepreload" href="/assets/controllers/remote_modal_controller.js?v=c648968e"></link>
<link rel="modulepreload" href="/assets/stimulus-loading.js?v=20bd48e9"></link>
<link rel="modulepreload" href="https://cdn.jsdelivr.net/npm/@hotwired/turbo@8.0.13/dist/turbo.es2017-esm.min.js"></link>
<link rel="modulepreload" href="https://cdn.jsdelivr.net/npm/@hotwired/stimulus@3.2.2/+esm"></link>
<script type="module" src="/assets/site.js?v=dbdfdfd7"></script>
  <link rel="stylesheet" href="/assets/site.css?v=19afbc77"></link>
</head>

<body>
  <div><details><summary>EN</summary><ul><li><a href="/ja/?locale_selected=1" class="">JA</a></li></ul></details></div>
  <header>
    <h1>My Site</h1>
    <nav>
        <ul>
    <li><a href="/products">Products</a></li>
    <li><a href="/about">About</a></li>
  </ul>

    </nav>
  </header>
    <main>
      
<article>
  <section>
  <ul>
      <li>
        Hello
      </li>
      <li>
        Welcome
      </li>
      <li>
        Greetings
      </li>
      <li>
        こんにちは
      </li>
  </ul>
</section>

  <section>
  <ul>
      <li>
        Hello
      </li>
      <li>
        Welcome
      </li>
      <li>
        Greetings
      </li>
      <li>
        こんにちは
      </li>
  </ul>
</section>

  <p>Hi from component!</p>

</article>

<div id='foo'>
  <h1>Hi from foo!</h1>
</div>
    </main>
</body>

</html>
