<!DOCTYPE html>
<html lang="ja" xml:lang="ja" xmlns="http://www.w3.org/1999/xhtml">

<head>
  <meta charset="utf-8" />
  <meta name="viewport" content="width=device-width, initial-scale=1" />
  <meta name="keywords" content="" />
  <meta name="description" content="This is a sample site description." />
  <title>My Site</title>
  <script type="importmap">
{
  "imports": {
    "assets/": "/assets/",
    "@hotwired/turbo": "https://cdn.jsdelivr.net/npm/@hotwired/turbo@latest/dist/turbo.es2017-esm.min.js",
    "@hotwired/stimulus": "https://cdn.jsdelivr.net/npm/@hotwired/stimulus@latest/+esm"
  }
}
</script>
<link rel='modulepreload' href='https://cdn.jsdelivr.net/npm/@hotwired/turbo@latest/dist/turbo.es2017-esm.min.js'>
<link rel='modulepreload' href='https://cdn.jsdelivr.net/npm/@hotwired/stimulus@latest/+esm'>
<script type="module" src="/assets/site.js?v=test"></script>

  <link rel="stylesheet" href="/assets/site.css?v=test"></link>
</head>

<body>
  <header>
    <h1>My Site</h1>
    <nav>
      
    </nav>
  </header>
    <main>
      <h1>Products</h1>
<p>Here are some of our products:</p>
<ul>
    <li>Product 1</li>
    <li>Product 2</li>
    <li>Product 3</li>
</ul>

    </main>
</body>

</html>
