<?xml version="1.0" encoding="UTF-8"?>
<urlset xmlns="http://www.sitemaps.org/schemas/sitemap/0.9">
  <url>
    <loc>https://example.com/CNAME</loc>
    <lastmod>2025-07-27</lastmod>
  </url>
  <url>
    <loc>https://example.com/</loc>
    <lastmod>2025-08-18</lastmod>
  </url>
  <url>
    <loc>https://example.com/ja/</loc>
    <lastmod>2025-08-18</lastmod>
  </url>
  <url>
    <loc>https://example.com/misc/just</loc>
    <lastmod>2025-07-17</lastmod>
  </url>
  <url>
    <loc>https://example.com/ja/misc/just</loc>
    <lastmod>2025-07-17</lastmod>
  </url>
  <url>
    <loc>https://example.com/misc/markdown</loc>
    <lastmod>2025-07-17</lastmod>
  </url>
  <url>
    <loc>https://example.com/ja/misc/markdown</loc>
    <lastmod>2025-07-17</lastmod>
  </url>
  <url>
    <loc>https://example.com/misc/markdown_helper</loc>
    <lastmod>2025-07-27</lastmod>
  </url>
  <url>
    <loc>https://example.com/ja/misc/markdown_helper</loc>
    <lastmod>2025-07-27</lastmod>
  </url>
  <url>
    <loc>https://example.com/misc/no_layout</loc>
    <lastmod>2025-07-17</lastmod>
  </url>
  <url>
    <loc>https://example.com/ja/misc/no_layout</loc>
    <lastmod>2025-07-17</lastmod>
  </url>
  <url>
    <loc>https://example.com/misc/no_ruby</loc>
    <lastmod>2025-07-17</lastmod>
  </url>
  <url>
    <loc>https://example.com/ja/misc/no_ruby</loc>
    <lastmod>2025-07-17</lastmod>
  </url>
  <url>
    <loc>https://example.com/posts/1/foo/</loc>
    <lastmod>2025-08-01</lastmod>
  </url>
  <url>
    <loc>https://example.com/ja/posts/1/foo/</loc>
    <lastmod>2025-08-01</lastmod>
  </url>
  <url>
    <loc>https://example.com/posts/1/bar/</loc>
    <lastmod>2025-08-01</lastmod>
  </url>
  <url>
    <loc>https://example.com/ja/posts/1/bar/</loc>
    <lastmod>2025-08-01</lastmod>
  </url>
  <url>
    <loc>https://example.com/products/one</loc>
    <lastmod>2025-07-25</lastmod>
  </url>
  <url>
    <loc>https://example.com/ja/products/one</loc>
    <lastmod>2025-07-25</lastmod>
  </url>
  <url>
    <loc>https://example.com/products/two</loc>
    <lastmod>2025-07-25</lastmod>
  </url>
  <url>
    <loc>https://example.com/ja/products/two</loc>
    <lastmod>2025-07-25</lastmod>
  </url>
  <url>
    <loc>https://example.com/products/about</loc>
    <lastmod>2025-07-30</lastmod>
  </url>
  <url>
    <loc>https://example.com/ja/products/about</loc>
    <lastmod>2025-07-30</lastmod>
  </url>
  <url>
    <loc>https://example.com/products/</loc>
  </url>
  <url>
    <loc>https://example.com/ja/products/</loc>
  </url>
  <url>
    <loc>https://example.com/products</loc>
  </url>
  <url>
    <loc>https://example.com/ja/products</loc>
  </url>
  <url>
    <loc>https://example.com/robot.txt</loc>
    <lastmod>2025-07-17</lastmod>
  </url>
  <url>
    <loc>https://example.com/sitemap.xml</loc>
    <lastmod>2025-08-17</lastmod>
  </url>
</urlset>
