<!DOCTYPE html>
<html lang="ja" xml:lang="ja" xmlns="http://www.w3.org/1999/xhtml">

<head>
  <meta charset="utf-8" />
  <meta name="viewport" content="width=device-width, initial-scale=1" />
  <meta name="keywords" content="" />
  <meta name="description" content="This is a sample site description." />
  <title>My Site</title>
  <script type="importmap">{
  "imports": {
    "controllers/remote_modal_controller.js": "/assets/controllers/remote_modal_controller.js?v=c648968e",
    "@hotwired/turbo": "https://cdn.jsdelivr.net/npm/@hotwired/turbo@8.0.13/dist/turbo.es2017-esm.min.js",
    "@hotwired/stimulus": "https://cdn.jsdelivr.net/npm/@hotwired/stimulus@3.2.2/+esm"
  }
}</script>
<link rel="modulepreload" href="/assets/controllers/remote_modal_controller.js?v=c648968e"></link>
<link rel="modulepreload" href="https://cdn.jsdelivr.net/npm/@hotwired/turbo@8.0.13/dist/turbo.es2017-esm.min.js"></link>
<link rel="modulepreload" href="https://cdn.jsdelivr.net/npm/@hotwired/stimulus@3.2.2/+esm"></link>
<script type="module" src="/assets/site.js?v=1f14465d"></script>
  <link rel="stylesheet" href="/assets/site.css?v=19afbc77"></link>
</head>

<body>
  <header>
    <h1>My Site</h1>
    <nav>
      
    </nav>
  </header>
    <main>
      <h2>Our Products</h2>

    </main>
</body>

</html>
