<?xml version="1.0" encoding="UTF-8"?>
<urlset xmlns="http://www.sitemaps.org/schemas/sitemap/0.9">
  <url>
    <loc>https://example.com/CNAME</loc>
    <lastmod>2025-07-27</lastmod>
  </url>
  <url>
    <loc>https://example.com/ja/CNAME</loc>
    <lastmod>2025-07-27</lastmod>
  </url>
  <url>
    <loc>https://example.com/index.html</loc>
    <lastmod>2025-08-10</lastmod>
  </url>
  <url>
    <loc>https://example.com/ja/index.html</loc>
    <lastmod>2025-08-10</lastmod>
  </url>
  <url>
    <loc>https://example.com/misc/just.html</loc>
    <lastmod>2025-07-17</lastmod>
  </url>
  <url>
    <loc>https://example.com/ja/misc/just.html</loc>
    <lastmod>2025-07-17</lastmod>
  </url>
  <url>
    <loc>https://example.com/misc/markdown.html</loc>
    <lastmod>2025-07-17</lastmod>
  </url>
  <url>
    <loc>https://example.com/ja/misc/markdown.html</loc>
    <lastmod>2025-07-17</lastmod>
  </url>
  <url>
    <loc>https://example.com/misc/markdown_helper.html</loc>
    <lastmod>2025-07-27</lastmod>
  </url>
  <url>
    <loc>https://example.com/ja/misc/markdown_helper.html</loc>
    <lastmod>2025-07-27</lastmod>
  </url>
  <url>
    <loc>https://example.com/misc/no_layout.html</loc>
    <lastmod>2025-07-17</lastmod>
  </url>
  <url>
    <loc>https://example.com/ja/misc/no_layout.html</loc>
    <lastmod>2025-07-17</lastmod>
  </url>
  <url>
    <loc>https://example.com/misc/no_ruby.html</loc>
    <lastmod>2025-07-17</lastmod>
  </url>
  <url>
    <loc>https://example.com/ja/misc/no_ruby.html</loc>
    <lastmod>2025-07-17</lastmod>
  </url>
  <url>
    <loc>https://example.com/posts/1/foo/index.html</loc>
    <lastmod>2025-08-01</lastmod>
  </url>
  <url>
    <loc>https://example.com/ja/posts/1/foo/index.html</loc>
    <lastmod>2025-08-01</lastmod>
  </url>
  <url>
    <loc>https://example.com/posts/1/bar/index.html</loc>
    <lastmod>2025-08-01</lastmod>
  </url>
  <url>
    <loc>https://example.com/ja/posts/1/bar/index.html</loc>
    <lastmod>2025-08-01</lastmod>
  </url>
  <url>
    <loc>https://example.com/products/one.html</loc>
    <lastmod>2025-07-25</lastmod>
  </url>
  <url>
    <loc>https://example.com/ja/products/one.html</loc>
    <lastmod>2025-07-25</lastmod>
  </url>
  <url>
    <loc>https://example.com/products/two.html</loc>
    <lastmod>2025-07-25</lastmod>
  </url>
  <url>
    <loc>https://example.com/ja/products/two.html</loc>
    <lastmod>2025-07-25</lastmod>
  </url>
  <url>
    <loc>https://example.com/products/about.html</loc>
    <lastmod>2025-07-30</lastmod>
  </url>
  <url>
    <loc>https://example.com/ja/products/about.html</loc>
    <lastmod>2025-07-30</lastmod>
  </url>
  <url>
    <loc>https://example.com/products/index.html</loc>
  </url>
  <url>
    <loc>https://example.com/ja/products/index.html</loc>
  </url>
  <url>
    <loc>https://example.com/products.html</loc>
  </url>
  <url>
    <loc>https://example.com/ja/products.html</loc>
  </url>
  <url>
    <loc>https://example.com/robot.txt</loc>
    <lastmod>2025-07-17</lastmod>
  </url>
  <url>
    <loc>https://example.com/ja/robot.txt</loc>
    <lastmod>2025-07-17</lastmod>
  </url>
  <url>
    <loc>https://example.com/sitemap.xml</loc>
    <lastmod>2025-08-10</lastmod>
  </url>
  <url>
    <loc>https://example.com/ja/sitemap.xml</loc>
    <lastmod>2025-08-10</lastmod>
  </url>
</urlset>
